// Jest Snapshot v1, https://goo.gl/fbAQLP

exports[`Should render AddExpense component 1`] = `
<div
  className="addexpense-section mx-auto"
>
  <h1
    className="my-4"
  >
    Add Expense
  </h1>
  <ExpenseForm
    onSubmit={[Function]}
  />
</div>
`;
