// Jest Snapshot v1, https://goo.gl/fbAQLP

exports[`Should render Dashboard page 1`] = `
<div
  className="home-section"
>
  <Connect(ExpensesTotal) />
  <Connect(ExpenseListFilter) />
  <Connect(ExpenseList) />
</div>
`;
