// Jest Snapshot v1, https://goo.gl/fbAQLP

exports[`Should render Header component 1`] = `
<div>
  <h1>
    Expensify
  </h1>
  <div>
    <NavLink
      activeClassName="is-active"
      exact={true}
      to="/dashboard"
    >
      Home
    </NavLink>
    <NavLink
      activeClassName="is-active"
      to="/create"
    >
      Add expense
    </NavLink>
  </div>
  <button>
    Logout
  </button>
</div>
`;
