// Jest Snapshot v1, https://goo.gl/fbAQLP

exports[`Should render Not found page 1`] = `
<h1>
  NOT FOUND - 
  <Link
    to="/"
  >
    BACK
  </Link>
</h1>
`;
